
Memory Configuration

Name             Origin             Length             Attributes
FLASH            0x08000000         0x00100000         xr
SRAM             0x20000000         0x00020000         xrw
*default*        0x00000000         0xffffffff

Linker script and memory map

LOAD main.o
LOAD stm32f407xx_gpio_driver.o
LOAD stm32_startup.o

.text           0x08000000      0xbdc
 *(.isr_vector)
 .isr_vector    0x08000000      0x188 stm32_startup.o
                0x08000000                vectors
 *(.text)
 .text          0x08000188      0x1b4 main.o
                0x08000188                delay
                0x080001c8                main
                0x080002e4                EXTI0_IRQHandler
                0x08000310                EXTI1_IRQHandler
 .text          0x0800033c      0x814 stm32f407xx_gpio_driver.o
                0x0800033c                GPIO_PeriClockControl
                0x08000444                GPIO_Init
                0x0800077c                GPIO_DeInit
                0x080008e8                GPIO_ReadFromInputPin
                0x08000912                GPIO_ReadFromInputPort
                0x0800092c                GPIO_WriteToOutputPin
                0x08000974                GPIO_WriteToOutputPort
                0x08000990                GPIO_ToggleOutputPin
                0x080009b8                GPIO_IRQInterruptConfig
                0x08000ac0                GPIO_IRQPriorityConfig
                0x08000b12                GPIO_IRQHandling
 .text          0x08000b50       0x8c stm32_startup.o
                0x08000b50                RTC_Alarm_IRQHandler
                0x08000b50                HASH_RNG_IRQHandler
                0x08000b50                EXTI2_IRQHandler
                0x08000b50                TIM8_CC_IRQHandler
                0x08000b50                DebugMon_Handler
                0x08000b50                TIM1_CC_IRQHandler
                0x08000b50                DMA2_Stream5_IRQHandler
                0x08000b50                HardFault_Handler
                0x08000b50                DMA1_Stream5_IRQHandler
                0x08000b50                SysTick_Handler
                0x08000b50                PVD_IRQHandler
                0x08000b50                SDIO_IRQHandler
                0x08000b50                TAMP_STAMP_IRQHandler
                0x08000b50                PendSV_Handler
                0x08000b50                NMI_Handler
                0x08000b50                CAN2_RX1_IRQHandler
                0x08000b50                EXTI3_IRQHandler
                0x08000b50                TIM8_TRG_COM_TIM14_IRQHandler
                0x08000b50                TIM1_UP_TIM10_IRQHandler
                0x08000b50                TIM8_UP_TIM13_IRQHandler
                0x08000b50                I2C3_ER_IRQHandler
                0x08000b50                I2C2_EV_IRQHandler
                0x08000b50                DMA1_Stream2_IRQHandler
                0x08000b50                CAN1_RX0_IRQHandler
                0x08000b50                FPU_IRQHandler
                0x08000b50                OTG_HS_WKUP_IRQHandler
                0x08000b50                UsageFault_Handler
                0x08000b50                CAN2_SCE_IRQHandler
                0x08000b50                DMA2_Stream2_IRQHandler
                0x08000b50                SPI1_IRQHandler
                0x08000b50                TIM6_DAC_IRQHandler
                0x08000b50                TIM1_BRK_TIM9_IRQHandler
                0x08000b50                DCMI_IRQHandler
                0x08000b50                CAN2_RX0_IRQHandler
                0x08000b50                DMA2_Stream3_IRQHandler
                0x08000b50                USART6_IRQHandler
                0x08000b50                USART3_IRQHandler
                0x08000b50                CRYP_IRQHandler
                0x08000b50                DMA2_Stream6_IRQHandler
                0x08000b50                CAN1_RX1_IRQHandler
                0x08000b50                UART5_IRQHandler
                0x08000b50                DMA2_Stream0_IRQHandler
                0x08000b50                TIM4_IRQHandler
                0x08000b50                I2C1_EV_IRQHandler
                0x08000b50                DMA1_Stream6_IRQHandler
                0x08000b50                DMA1_Stream1_IRQHandler
                0x08000b50                UART4_IRQHandler
                0x08000b50                TIM3_IRQHandler
                0x08000b50                RCC_IRQHandler
                0x08000b50                TIM8_BRK_TIM12_IRQHandler
                0x08000b50                Default_Handler
                0x08000b50                EXTI15_10_IRQHandler
                0x08000b50                ADC_IRQHandler
                0x08000b50                DMA1_Stream7_IRQHandler
                0x08000b50                TIM7_IRQHandler
                0x08000b50                CAN2_TX_IRQHandler
                0x08000b50                TIM5_IRQHandler
                0x08000b50                DMA2_Stream7_IRQHandler
                0x08000b50                I2C3_EV_IRQHandler
                0x08000b50                EXTI9_5_IRQHandler
                0x08000b50                RTC_WKUP_IRQHandler
                0x08000b50                ETH_WKUP_IRQHandler
                0x08000b50                SPI2_IRQHandler
                0x08000b50                OTG_HS_EP1_IN_IRQHandler
                0x08000b50                MemManage_Handler
                0x08000b50                DMA1_Stream0_IRQHandler
                0x08000b50                CAN1_TX_IRQHandler
                0x08000b50                SVC_Handler
                0x08000b50                EXTI4_IRQHandler
                0x08000b50                FSMC_IRQHandler
                0x08000b50                ETH_IRQHandler
                0x08000b50                OTG_HS_EP1_OUT_IRQHandler
                0x08000b50                WWDG_IRQHandler
                0x08000b50                TIM2_IRQHandler
                0x08000b50                OTG_FS_WKUP_IRQHandler
                0x08000b50                TIM1_TRG_COM_TIM11_IRQHandler
                0x08000b50                OTG_HS_IRQHandler
                0x08000b50                USART2_IRQHandler
                0x08000b50                I2C2_ER_IRQHandler
                0x08000b50                DMA2_Stream1_IRQHandler
                0x08000b50                CAN1_SCE_IRQHandler
                0x08000b50                DMA2_Stream4_IRQHandler
                0x08000b50                BusFault_Handler
                0x08000b50                USART1_IRQHandler
                0x08000b50                OTG_FS_IRQHandler
                0x08000b50                SPI3_IRQHandler
                0x08000b50                DMA1_Stream4_IRQHandler
                0x08000b50                I2C1_ER_IRQHandler
                0x08000b50                DMA1_Stream3_IRQHandler
                0x08000b56                Reset_Handler
 *(.rodata)
                0x08000bdc                _etext = .
                0x08000bdc                _la_data = LOADADDR (.data)

.glue_7         0x08000bdc        0x0
 .glue_7        0x08000bdc        0x0 linker stubs

.glue_7t        0x08000bdc        0x0
 .glue_7t       0x08000bdc        0x0 linker stubs

.vfp11_veneer   0x08000bdc        0x0
 .vfp11_veneer  0x08000bdc        0x0 linker stubs

.v4_bx          0x08000bdc        0x0
 .v4_bx         0x08000bdc        0x0 linker stubs

.iplt           0x08000bdc        0x0
 .iplt          0x08000bdc        0x0 main.o

.rel.dyn        0x08000bdc        0x0
 .rel.iplt      0x08000bdc        0x0 main.o

.data           0x20000000        0x0 load address 0x08000bdc
                0x20000000                _sdata = .
 *(.data)
 .data          0x20000000        0x0 main.o
 .data          0x20000000        0x0 stm32f407xx_gpio_driver.o
 .data          0x20000000        0x0 stm32_startup.o
                0x20000000                _edata = .

.igot.plt       0x20000000        0x0 load address 0x08000bdc
 .igot.plt      0x20000000        0x0 main.o

.bss            0x20000000        0x0 load address 0x08000bdc
                0x20000000                _sbss = .
 *(.bss)
 .bss           0x20000000        0x0 main.o
 .bss           0x20000000        0x0 stm32f407xx_gpio_driver.o
 .bss           0x20000000        0x0 stm32_startup.o
                0x20000000                _ebss = .
OUTPUT(finalled.elf elf32-littlearm)
LOAD linker stubs

.comment        0x00000000       0x4d
 .comment       0x00000000       0x4d main.o
                                 0x4e (size before relaxing)
 .comment       0x0000004d       0x4e stm32f407xx_gpio_driver.o
 .comment       0x0000004d       0x4e stm32_startup.o

.ARM.attributes
                0x00000000       0x2e
 .ARM.attributes
                0x00000000       0x2e main.o
 .ARM.attributes
                0x0000002e       0x2e stm32f407xx_gpio_driver.o
 .ARM.attributes
                0x0000005c       0x2e stm32_startup.o
